
    -----------------------------------------------------------------------
          Psi4: An Open-Source Ab Initio Electronic Structure Package
                               Psi4 1.9.1 release

                         Git: Rev {HEAD} f53cdd7 


    D. G. A. Smith, L. A. Burns, A. C. Simmonett, R. M. Parrish,
    M. C. Schieber, R. Galvelis, P. Kraus, H. Kruse, R. Di Remigio,
    A. Alenaizan, A. M. James, S. Lehtola, J. P. Misiewicz, M. Scheurer,
    R. A. Shaw, J. B. Schriber, Y. Xie, Z. L. Glick, D. A. Sirianni,
    J. S. O'Brien, J. M. Waldrop, A. Kumar, E. G. Hohenstein,
    B. P. Pritchard, B. R. Brooks, H. F. Schaefer III, A. Yu. Sokolov,
    K. Patkowski, A. E. DePrince III, U. Bozkaya, R. A. King,
    F. A. Evangelista, J. M. Turney, T. D. Crawford, C. D. Sherrill,
    J. Chem. Phys. 152(18) 184108 (2020). https://doi.org/10.1063/5.0006002

                            Additional Code Authors
    E. T. Seidl, C. L. Janssen, E. F. Valeev, M. L. Leininger,
    J. F. Gonthier, R. M. Richard, H. R. McAlexander, M. Saitow, X. Wang,
    P. Verma, M. H. Lechner, A. Jiang, S. Behnle, A. G. Heide,
    M. F. Herbst, and D. L. Poole

             Previous Authors, Complete List of Code Contributors,
                       and Citations for Specific Modules
    https://github.com/psi4/psi4/blob/master/codemeta.json
    https://github.com/psi4/psi4/graphs/contributors
    http://psicode.org/psi4manual/master/introduction.html#citing-psifour

    -----------------------------------------------------------------------


    Psi4 started on: Friday, 09 May 2025 05:30PM

    Process ID: 3961207
    Host:       hydrogen
    PSIDATADIR: /data/home/sydong/opt/psi4/share/psi4
    Memory:     500.0 MiB
    Threads:    1
    Molecule: geometry: Molecule is not complete, please use 'update_geometry'
                    once all variables are set.
Molecule: Setting geometry variable r_ch to 2.102300
Molecule: Setting geometry variable ahch to 101.710000

Scratch directory: /data/home/sydong/scratch/psi4/
   => Libint2 <=

    Primary   basis highest AM E, G, H:  6, 6, 3
    Auxiliary basis highest AM E, G, H:  7, 7, 4
    Onebody   basis highest AM E, G, H:  -, -, -
    Solid Harmonics ordering:            Gaussian

*** tstart() called on hydrogen
*** at Fri May  9 17:30:15 2025

   => Loading Basis Set <=

    Name: CC-PVDZ-F12
    Role: ORBITAL
    Keyword: BASIS
    atoms 1   entry C          line   170 file /data/home/sydong/opt/psi4/share/psi4/basis/cc-pvdz-f12.gbs 
    atoms 2-3 entry H          line    12 file /data/home/sydong/opt/psi4/share/psi4/basis/cc-pvdz-f12.gbs 


         ---------------------------------------------------------
                                   SCF
               by Justin Turney, Rob Parrish, Andy Simmonett
                          and Daniel G. A. Smith
                              RHF Reference
                        1 Threads,    500 MiB Core
         ---------------------------------------------------------

  ==> Geometry <==

    Molecular point group: c1
    Full point group: C2v

    Geometry (in Bohr), charge = 0, multiplicity = 1:

       Center              X                  Y                   Z               Mass       
    ------------   -----------------  -----------------  -----------------  -----------------
         C            0.000000000000     0.000000000000    -0.190863170104    12.000000000000
         H            0.000000000000    -1.630440522826     1.136287534046     1.007825032230
         H            0.000000000000     1.630440522826     1.136287534046     1.007825032230

  Running in c1 symmetry.

  Rotational constants: A =     19.80481  B =     11.23490  C =      7.16840 [cm^-1]
  Rotational constants: A = 593733.17106  B = 336813.79877  C = 214903.20347 [MHz]
  Nuclear repulsion =    6.014699644935847

  Charge       = 0
  Multiplicity = 1
  Electrons    = 8
  Nalpha       = 4
  Nbeta        = 4

  ==> Algorithm <==

  SCF Algorithm Type is PK.
  DIIS enabled.
  MOM disabled.
  Fractional occupation disabled.
  Guess Type is SAD.
  Energy threshold   = 1.00e-10
  Density threshold  = 1.00e-08
  Integral threshold = 1.00e-12

  ==> Primary Basis <==

  Basis Set: CC-PVDZ-F12
    Blend: CC-PVDZ-F12
    Number of shells: 22
    Number of basis functions: 48
    Number of Cartesian functions: 50
    Spherical Harmonics?: true
    Max angular momentum: 2

  ==> Integral Setup <==

  Using in-core PK algorithm.
   Calculation information:
      Number of atoms:                   3
      Number of AO shells:              22
      Number of primitives:             41
      Number of atomic orbitals:        50
      Number of basis functions:        48

      Integral cutoff                 1.00e-12
      Number of threads:                 1

  Performing in-core PK
  Using 1384152 doubles for integral storage.
  We computed 32131 shell quartets total.
  Whereas there are 32131 unique shell quartets.

  ==> DiskJK: Disk-Based J/K Matrices <==

    J tasked:                  Yes
    K tasked:                  Yes
    wK tasked:                  No
    Memory [MiB]:              375
    Schwarz Cutoff:          1E-12

    OpenMP threads:              1

  Minimum eigenvalue in the overlap matrix is 3.1200075401E-03.
  Reciprocal condition number of the overlap matrix is 5.5294913187E-04.
    Using symmetric orthogonalization.

  ==> Pre-Iterations <==

  SCF Guess: Superposition of Atomic Densities via on-the-fly atomic UHF (no occupation information).

   -------------------------
    Irrep   Nso     Nmo    
   -------------------------
     A         48      48 
   -------------------------
    Total      48      48
   -------------------------

  ==> Iterations <==

                        Total Energy        Delta E     RMS |[F,P]|

   @RHF iter SAD:   -38.15612299453069   -3.81561e+01   0.00000e+00 
   @RHF iter   1:   -38.87945122910550   -7.23328e-01   2.70278e-03 ADIIS/DIIS
   @RHF iter   2:   -38.89146258122322   -1.20114e-02   6.77072e-04 ADIIS/DIIS
   @RHF iter   3:   -38.89220018713830   -7.37606e-04   1.89164e-04 ADIIS/DIIS
   @RHF iter   4:   -38.89230033057817   -1.00143e-04   4.06457e-05 DIIS
   @RHF iter   5:   -38.89230480796007   -4.47738e-06   7.98811e-06 DIIS
   @RHF iter   6:   -38.89230504020703   -2.32247e-07   7.60843e-07 DIIS
   @RHF iter   7:   -38.89230504240127   -2.19423e-09   1.61256e-07 DIIS
   @RHF iter   8:   -38.89230504250366   -1.02389e-10   2.23643e-08 DIIS
   @RHF iter   9:   -38.89230504250601   -2.35190e-12   2.80159e-09 DIIS
  Energy and wave function converged.


  ==> Post-Iterations <==

    Orbital Energies [Eh]
    ---------------------

    Doubly Occupied:                                                      

       1A    -11.294851     2A     -0.892023     3A     -0.563553  
       4A     -0.396785  

    Virtual:                                                              

       5A      0.025211     6A      0.071587     7A      0.091461  
       8A      0.112599     9A      0.131442    10A      0.236712  
      11A      0.249083    12A      0.469605    13A      0.511518  
      14A      0.566557    15A      0.581956    16A      0.592445  
      17A      0.622414    18A      0.640533    19A      0.678080  
      20A      0.692547    21A      0.905078    22A      1.047336  
      23A      1.087516    24A      1.088562    25A      1.117266  
      26A      1.246480    27A      1.353909    28A      1.463228  
      29A      2.223411    30A      2.381881    31A      2.528290  
      32A      2.634970    33A      2.719495    34A      2.798070  
      35A      2.817298    36A      2.875636    37A      3.085097  
      38A      3.185367    39A      3.197013    40A      3.390212  
      41A      3.392160    42A      3.560846    43A      3.945784  
      44A      4.331107    45A      6.645570    46A      9.183110  
      47A      9.520196    48A      9.706291  

    Final Occupation by Irrep:
              A 
    DOCC [     4 ]
    NA   [     4 ]
    NB   [     4 ]

  @RHF Final Energy:   -38.89230504250601

   => Energetics <=

    Nuclear Repulsion Energy =              6.0146996449358472
    One-Electron Energy =                 -63.5195853602797982
    Two-Electron Energy =                  18.6125806728379466
    Total Energy =                        -38.8923050425060097

Computation Completed


Properties will be evaluated at   0.000000,   0.000000,   0.000000 [a0]

Properties computed using the SCF density matrix


 Multipole Moments:

 ------------------------------------------------------------------------------------
     Multipole            Electronic (a.u.)      Nuclear  (a.u.)        Total (a.u.)
 ------------------------------------------------------------------------------------

 L = 1.  Multiply by 2.5417464519 to convert [e a0] to [Debye]
 Dipole X            :          0.0000000            0.0000000            0.0000000
 Dipole Y            :         -0.0000000            0.0000000           -0.0000000
 Dipole Z            :         -0.3622895            1.1273960            0.7651065
 Magnitude           :                                                    0.7651065

 ------------------------------------------------------------------------------------

*** tstop() called on hydrogen at Fri May  9 17:30:15 2025
Module time:
	user time   =       0.40 seconds =       0.01 minutes
	system time =       0.07 seconds =       0.00 minutes
	total time  =          0 seconds =       0.00 minutes
Total time:
	user time   =       0.40 seconds =       0.01 minutes
	system time =       0.07 seconds =       0.00 minutes
	total time  =          0 seconds =       0.00 minutes

Scratch directory: /data/home/sydong/scratch/psi4/

  Forte
  ----------------------------------------------------------------------------
  A suite of quantum chemistry methods for strongly correlated electrons

    git branch: ct_forte - git commit: 41562031

  Developed by:
    Francesco A. Evangelista, Chenyang Li, Kevin P. Hannon,
    Jeffrey B. Schriber, Tianyuan Zhang, Chenxi Cai,
    Nan He, Nicholas Stair, Shuhe Wang, Renke Huang
  ----------------------------------------------------------------------------

  Forte will use options passed as a dictionary. Option read from psi4 will be ignored


  Preparing forte objects from a Psi4 Wavefunction object Using basis set CC-PVDZ-F12 from Psi4 global options.   => Loading Basis Set <=

    Name: CC-PVDZ-F12
    Role: ORBITAL
    Keyword: BASIS
    atoms 1   entry C          line   170 file /data/home/sydong/opt/psi4/share/psi4/basis/cc-pvdz-f12.gbs 
    atoms 2-3 entry H          line    12 file /data/home/sydong/opt/psi4/share/psi4/basis/cc-pvdz-f12.gbs 



  ==> MO Space Information <==

  -------------------------------
                        A   Sum
  -------------------------------
    FROZEN_DOCC         0     0
    RESTRICTED_DOCC     0     0
    GAS1                6     6
    GAS2                0     0
    GAS3                0     0
    GAS4                0     0
    GAS5                0     0
    GAS6                0     0
    RESTRICTED_UOCC    42    42
    FROZEN_UOCC         0     0
    Total              48    48
  -------------------------------   => Loading Basis Set <=

    Name: STO-3G
    Role: ORBITAL
    Keyword: MINAO_BASIS
    atoms 1   entry C          line    61 file /data/home/sydong/opt/psi4/share/psi4/basis/sto-3g.gbs 
    atoms 2-3 entry H          line    19 file /data/home/sydong/opt/psi4/share/psi4/basis/sto-3g.gbs 


  State Singlet (Ms = 0) A GAS min: 0 0 0 0 0 0 ; GAS max: 12 0 0 0 0 0 ; weights:
      1.000000000000
  Forte will use psi4 integrals

  ==> Primary Basis Set Summary <==

  Basis Set: CC-PVDZ-F12
    Blend: CC-PVDZ-F12
    Number of shells: 22
    Number of basis functions: 48
    Number of Cartesian functions: 50
    Spherical Harmonics?: true
    Max angular momentum: 2


  JK created using conventional PK integrals
  Using in-core PK algorithm.
   Calculation information:
      Number of atoms:                   3
      Number of AO shells:              22
      Number of primitives:             41
      Number of atomic orbitals:        50
      Number of basis functions:        48

      Integral cutoff                 1.00e-12
      Number of threads:                 1

  Performing in-core PK
  Using 1384152 doubles for integral storage.
  We computed 32131 shell quartets total.
  Whereas there are 32131 unique shell quartets.

  ==> DiskJK: Disk-Based J/K Matrices <==

    J tasked:                  Yes
    K tasked:                  Yes
    wK tasked:                  No
    Memory [MiB]:              400
    Schwarz Cutoff:          1E-12

    OpenMP threads:              1



  ==> Integral Transformation <==

  Number of molecular orbitals:                         48
  Number of correlated molecular orbitals:              48
  Number of frozen occupied orbitals:                    0
  Number of frozen unoccupied orbitals:                  0
  Two-electron integral type:                 Conventional


  Skip integral allocation and transformation for AO-driven CASSCF.

          -----------------------------------------------------------
                  Multi-Configurational Self Consistent Field
                Two-Step Approximate Second-Order AO Algorithm
            written by Chenyang Li, Kevin P. Hannon, and Shuhe Wang
          -----------------------------------------------------------


  ==> MCSCF Calculation Information <==

    --------------------------------------------------------
    Print level                                      Default
    Integral type                               CONVENTIONAL
    CI solver type                                       FCI
    Final orbital type                             CANONICAL
    Derivative type                                     NONE
    Optimize orbitals                                   TRUE
    Include internal rotations                         FALSE
    Debug printing                                     FALSE
    Energy convergence                             1.000e-08
    Gradient convergence                           1.000e-07
    Max value for rotation                         2.000e-01
    Max number of macro iter.                            100
    Max number of micro iter. for orbitals                 6
    Max number of micro iter. for CI                      12
    DIIS start                                            15
    Min DIIS vectors                                       3
    Max DIIS vectors                                       8
    Frequency of DIIS extrapolation                        1
    --------------------------------------------------------

  ==> Independent Orbital Rotations <==

    ORBITAL SPACES                         A
    ----------------------------------------
             ACTIVE / RESTRICTED_DOCC      0
    RESTRICTED_UOCC /          ACTIVE    252
    RESTRICTED_UOCC / RESTRICTED_DOCC      0
    ----------------------------------------

  ==> String Lists <==

    --------------------------------------------------------
    number of alpha electrons                              4
    number of beta electrons                               4
    number of alpha strings                               15
    number of beta strings                                15
    --------------------------------------------------------

  ==> FCI Solver <==

    --------------------------------------------------------
    Spin adapt                                         FALSE
    Number of determinants                               225
    Symmetry                                               0
    Multiplicity                                           1
    Number of roots                                        1
    Target root                                            0
    --------------------------------------------------------
  Initial guess space is incomplete.
  Adding 1 determinant(s).

  ==> Initial Guess <==

  Initial guess determinants:         51

  Classification of the initial guess solutions

  Number   2S+1   Selected
  ------------------------
    25       1       *
    23       3        
     3       5        
  ------------------------

    Spin    Root           Energy        <S^2>    Status
  -------------------------------------------------------
   singlet    0      -38.893951952981  -0.000000  added
  -------------------------------------------------------

  ==> Davidson-Liu Solver <==

    --------------------------------------------------------
    Print level                                      Default
    Energy convergence threshold                   1.000e-08
    Residual convergence threshold                 1.000e-06
    Schmidt orthogonality threshold                1.000e-12
    Schmidt discard threshold                      1.000e-07
    Size of the space                                    225
    Number of roots                                        1
    Maximum number of iterations                         100
    Collapse subspace size                                 2
    Maximum subspace size                                 10
    --------------------------------------------------------

  Davidson-Liu solver: adding 1 guess vectors
  Iteration     Average Energy            max(∆E)            max(Residual)  Vectors
  ---------------------------------------------------------------------------------
       0      -38.893951952981       38.893951952981        0.039407652470      1
       1      -38.894976158022        0.001024205042        0.004847808171      2
       2      -38.895009757615        0.000033599593        0.001398281730      3
       3      -38.895011819098        0.000002061483        0.000189625070      4
       4      -38.895011845235        0.000000026137        0.000019261876      5
       5      -38.895011845422        0.000000000187        0.000001651696      6
       6      -38.895011845423        0.000000000001        0.000000132774      7
  ---------------------------------------------------------------------------------

  ==> Root No. 0 <==

    222200     -0.99834192
    222020      0.04366559
    202220      0.02720136
    2b2a20     -0.01605275
    2a2b20     -0.01605275
    220220      0.01017982

    Total Energy:     -38.895011845423, <S^2>: 0.000000
    Time for FCI:       0.016194625000

  ==> Energy Summary <==

    Multi.(2ms)  Irrep.  No.               Energy      <S^2>
    --------------------------------------------------------
       1  (  0)     A     0      -38.895011845423   0.000000
    --------------------------------------------------------
  Computing RDMs for dipole moments ... Done

  ==> Summary of Dipole Moments [e a0] (Nuclear + Electronic) <==

       State           DM_X           DM_Y           DM_Z           |DM|
    --------------------------------------------------------------------
          0A     0.00000000    -0.00000000     0.76090230     0.76090230
    --------------------------------------------------------------------
     Nuclear     0.00000000     0.00000000     1.12739605     1.12739605
    --------------------------------------------------------------------

  ==> Natural Orbitals <==

        1A      2.000000      2A      1.999785      3A      1.999315  
        4A      1.994275      5A      0.006536      6A      0.000089  

 sydong:  unsymmetrize 2RDM


  ==> MCSCF Iterations <==

                      Energy CI                    Energy Orbital
           ------------------------------  ------------------------------
    Iter.        Total Energy       Delta        Total Energy       Delta  Orb. Grad.  Micro
    ----------------------------------------------------------------------------------------
 sydong:  unsymmetrize 2RDM

  L-BFGS Warning: Skip this vector due to negative rho
  L-BFGS Warning: Skip this vector due to negative rho
       1     -38.895011845423 -3.8895e+01    -38.905091817053 -3.8905e+01  7.9771e-04    6/N

  Davidson-Liu solver: restarting from previous calculation.
 sydong:  unsymmetrize 2RDM

       2     -38.922673131429 -2.7661e-02    -38.925843506187 -2.0752e-02  8.3699e-04    6/N

  Davidson-Liu solver: restarting from previous calculation.
 sydong:  unsymmetrize 2RDM

       3     -38.926650929575 -3.9778e-03    -38.926775907319 -9.3240e-04  1.4341e-05    6/N

  Davidson-Liu solver: restarting from previous calculation.
 sydong:  unsymmetrize 2RDM

       4     -38.926804502118 -1.5357e-04    -38.926810663575 -3.4756e-05  7.1489e-06    6/N

  Davidson-Liu solver: restarting from previous calculation.
 sydong:  unsymmetrize 2RDM

       5     -38.926812270272 -7.7682e-06    -38.926812722939 -2.0594e-06  1.6175e-06    6/N

  Davidson-Liu solver: restarting from previous calculation.
 sydong:  unsymmetrize 2RDM

       6     -38.926812858696 -5.8842e-07    -38.926812900586 -1.7765e-07  3.0606e-07    6/N

  Davidson-Liu solver: restarting from previous calculation.
 sydong:  unsymmetrize 2RDM

       7     -38.926812913729 -5.5033e-08    -38.926812917887 -1.7301e-08  7.6850e-08    6/N

  Davidson-Liu solver: restarting from previous calculation.
 sydong:  unsymmetrize 2RDM

       8     -38.926812919211 -5.4824e-09    -38.926812919634 -1.7468e-09  2.2817e-08    6/N
    ----------------------------------------------------------------------------------------

  A miracle has come to pass: MCSCF iterations have converged!

  Performing final CI Calculation using converged orbitals

  ==> String Lists <==

    --------------------------------------------------------
    number of alpha electrons                              4
    number of beta electrons                               4
    number of alpha strings                               15
    number of beta strings                                15
    --------------------------------------------------------

  ==> FCI Solver <==

    --------------------------------------------------------
    Spin adapt                                         FALSE
    Number of determinants                               225
    Symmetry                                               0
    Multiplicity                                           1
    Number of roots                                        1
    Target root                                            0
    --------------------------------------------------------

  ==> Davidson-Liu Solver <==

    --------------------------------------------------------
    Print level                                      Default
    Energy convergence threshold                   1.000e-08
    Residual convergence threshold                 1.000e-06
    Schmidt orthogonality threshold                1.000e-12
    Schmidt discard threshold                      1.000e-07
    Size of the space                                    225
    Number of roots                                        1
    Maximum number of iterations                         100
    Collapse subspace size                                 2
    Maximum subspace size                                 10
    --------------------------------------------------------

  Davidson-Liu solver: restarting from previous calculation.
  Iteration     Average Energy            max(∆E)            max(Residual)  Vectors
  ---------------------------------------------------------------------------------
       0      -38.926812919634        0.000000000423        0.000010653267      1
       1      -38.926812919758        0.000000000124        0.000004251321      2
       2      -38.926812919769        0.000000000011        0.000000717673      3
  ---------------------------------------------------------------------------------

  ==> Root No. 0 <==

    222200     -0.97474084
    222020      0.18226952
    2a2b20     -0.06570893
    2b2a20     -0.06570893
    202220      0.04451259
    202202      0.04324634
    2a2b02      0.03229213
    2b2a02      0.03229213
    220202      0.03223232
    222002      0.02486161
    202022     -0.01337247

    Total Energy:     -38.926812919769, <S^2>: -0.000000
    Time for FCI:       0.008632058000

  ==> Energy Summary <==

    Multi.(2ms)  Irrep.  No.               Energy      <S^2>
    --------------------------------------------------------
       1  (  0)     A     0      -38.926812919769  -0.000000
    --------------------------------------------------------
  Computing RDMs for dipole moments ... Done

  ==> Summary of Dipole Moments [e a0] (Nuclear + Electronic) <==

       State           DM_X           DM_Y           DM_Z           |DM|
    --------------------------------------------------------------------
          0A     0.00000000    -0.00000000     0.65149175     0.65149175
    --------------------------------------------------------------------
     Nuclear     0.00000000     0.00000000     1.12739605     1.12739605
    --------------------------------------------------------------------

  ==> Natural Orbitals <==

        1A      1.999993      2A      1.997662      3A      1.990482  
        4A      1.911752      5A      0.088390      6A      0.011721  

  Canonicalizing final MCSCF orbitals

  ==> Semicanonicalize Orbitals <==

    MIX INACTIVE ORBITALS         TRUE
    MIX GAS ACTIVE ORBITALS       FALSE
    GAS1                          CANONICAL
    INACTIVE_DOCC                 CANONICAL
    INACTIVE_UOCC                 CANONICAL

    Off-Diag. Elements       Max           2-Norm
    ------------------------------------------------
    GAS1                 0.0076080464   0.0121841536
    INACTIVE_UOCC        0.1634974259   0.8988978605
    ------------------------------------------------

    Canonicalization test failed

  Timing for orbital canonicalization:                        0.000 s.

  !!! WARNING: Final Active Orbitals Maybe Different from the Original !!!

    Based on projections of maximum overlap method:
           5A -> 8A        RESTRICTED_UOCC
  Orbital rotations on spin-free RDMs ...
    Transformed 1 RDMs.
    Transformed 2 RDMs.

  Time to prepare integrals:        0.187 seconds
  Time to run job          :        2.380 seconds
  Total                    :        2.567 seconds
    Orthogonalizing basis for space RIBS.
    0 linear dependencies will be 'removed'.
    Projecting out 'ALL' from 'RIBS' to obtain space 'CABS'
    0 linear dependencies will be 'removed'.
        Orbital space before projecting out:    (n = 1): 158  
        Orbital space after projecting out:     (n = 1): 110  

*********************************************************************************************************************
When computing potential integrals with different bra and ket basis, the atom definition is taken from the bra basis.
*********************************************************************************************************************
*********************************************************************************************************************
When computing potential integrals with different bra and ket basis, the atom definition is taken from the bra basis.
*********************************************************************************************************************
