running sydong fcidumppy 
ct_mcscf energy -38.96333139453778
ct_pt2 energy -39.056373662533986
