hf energy -38.89569761292658
mcscf energy -38.95804135747502
get_cabs Execution time: 0.0564 seconds
get_eri_ri_ri_int time to do integrals in  328.1814110279083
get_eri_ri_ri_int time to do integrals transformation  18.149694442749023
get_eri_ri_ri_int time to do array transpose  29.60951066017151
get_eri_ri_ri_int Execution time: 478.0031 seconds
get_density Execution time: 0.0392 seconds
get_hcore_int Execution time: 0.0222 seconds
get_f12 time to do integrals in  187.38324213027954
get_f12 Execution time: 201.5418 seconds
gen_V time to do integrals in  218.35929494909942
gen_V Execution time: 243.2448 seconds
get_fock_ri time to do integrals in  310.8929536342621
get_fock_ri Execution time: 326.2169 seconds
gen_b time to do integrals in  125.87022113800049
gen_b Execution time: 346.2934 seconds
number of freeze core orbital  is  1
one_body Execution time: 8.5569 seconds
two_body_decoposited Execution time: 12.9766 seconds
two_body_direct Execution time: 0.8237 seconds
get_hbar Execution time: 42.3566 seconds

Number of occupied orbitals: 4
Number of basis functions: 155

  Total time taken for integrals 0.000 seconds.


Total time taken for setup: 0.006 seconds
SCF Iteration   1: Energy = -29.7570428508969229   dE = -2.97570E+01   dRMS = 1.70599E+00
SCF Iteration   2: Energy = -34.3786388343825351   dE = -4.62160E+00   dRMS = 9.93394E+00
SCF Iteration   3: Energy = -38.1855192019805401   dE = -3.80688E+00   dRMS = 9.89095E+00
SCF Iteration   4: Energy = -38.8540626974024974   dE = -6.68543E-01   dRMS = 3.62746E-01
SCF Iteration   5: Energy = -38.9013506622898717   dE = -4.72880E-02   dRMS = 1.95810E-01
SCF Iteration   6: Energy = -38.9019535587111065   dE = -6.02896E-04   dRMS = 5.04637E-02
SCF Iteration   7: Energy = -38.9020197480048253   dE = -6.61893E-05   dRMS = 9.09440E-03
SCF Iteration   8: Energy = -38.9020240340202790   dE = -4.28602E-06   dRMS = 3.00751E-03
SCF Iteration   9: Energy = -38.9020240952549159   dE = -6.12346E-08   dRMS = 5.22611E-04
SCF Iteration  10: Energy = -38.9020240974184190   dE = -2.16350E-09   dRMS = 1.58953E-04
SCF Iteration  11: Energy = -38.9020240975320206   dE = -1.13602E-10   dRMS = 4.23970E-05
SCF Iteration  12: Energy = -38.9020240975345999   dE = -2.57927E-12   dRMS = 2.02086E-06
SCF Iteration  13: Energy = -38.9020240975348983   dE = -2.98428E-13   dRMS = 1.54290E-06
SCF Iteration  14: Energy = -38.9020240975348699   dE =  2.84217E-14   dRMS = 2.25507E-07
SCF Iteration  15: Energy = -38.9020240975346709   dE =  1.98952E-13   dRMS = 2.43370E-08
SCF Iteration  16: Energy = -38.9020240975345573   dE =  1.13687E-13   dRMS = 3.87483E-09
Total time for SCF iterations: 18.007 seconds 

Final SCF energy: -38.90202410 hartree
Orbital energies: [-1.12919499e+01 -8.93047349e-01 -5.65228820e-01 -3.98609332e-01
  2.31312868e-02  5.06305042e-02  6.26039256e-02  7.74142958e-02
  9.05106649e-02  1.77296521e-01  1.85199897e-01  2.72177582e-01
  2.77660288e-01  3.35465282e-01  3.35492839e-01  3.45821862e-01
  3.64671193e-01  3.95288955e-01  4.17420315e-01  4.70599007e-01
  5.17048840e-01  6.19706056e-01  6.23967985e-01  7.04248796e-01
  7.08129314e-01  7.66255276e-01  7.71974544e-01  8.00049584e-01
  9.32626626e-01  9.65523101e-01  9.72508380e-01  9.82635408e-01
  9.96249676e-01  1.01574669e+00  1.01863623e+00  1.03059527e+00
  1.08606768e+00  1.12719471e+00  1.25061863e+00  1.36858325e+00
  1.36901238e+00  1.39561377e+00  1.41377093e+00  1.43483987e+00
  1.46348415e+00  1.48318935e+00  1.51798856e+00  1.55193979e+00
  1.57240895e+00  1.64677438e+00  1.68665080e+00  1.69408197e+00
  1.77549415e+00  1.87415910e+00  1.99774639e+00  2.12386010e+00
  2.17168509e+00  2.17648369e+00  2.19526125e+00  2.22710276e+00
  2.26166251e+00  2.34465056e+00  2.38174181e+00  2.40287939e+00
  2.47145628e+00  2.49036865e+00  2.54738400e+00  2.60024683e+00
  2.61946998e+00  2.64819017e+00  2.67959691e+00  2.75413667e+00
  2.75430801e+00  2.76639244e+00  2.79887496e+00  2.88650849e+00
  2.90385187e+00  2.96684057e+00  3.00205279e+00  3.06917432e+00
  3.07026045e+00  3.12087052e+00  3.13220839e+00  3.14479556e+00
  3.19732767e+00  3.27796426e+00  3.31100314e+00  3.32754993e+00
  3.39194990e+00  3.42531974e+00  3.46121080e+00  3.58270145e+00
  3.64654600e+00  3.87863713e+00  3.96096782e+00  4.06011402e+00
  4.10161735e+00  4.61838770e+00  4.64054259e+00  4.69646974e+00
  4.77165157e+00  4.82770949e+00  4.93361901e+00  4.99265948e+00
  5.30054771e+00  5.43125814e+00  5.43209771e+00  5.46253587e+00
  5.59358116e+00  5.62463531e+00  5.65861933e+00  5.93538577e+00
  5.95358586e+00  6.05110591e+00  6.23770589e+00  6.45785412e+00
  6.57904378e+00  6.70858850e+00  7.08105005e+00  7.10802456e+00
  7.15276778e+00  7.19410814e+00  7.27647479e+00  7.33833028e+00
  7.45267161e+00  7.46109684e+00  7.58513951e+00  7.66845966e+00
  7.75625910e+00  7.76145193e+00  7.82961332e+00  7.97469391e+00
  8.13509119e+00  8.21560426e+00  8.64372774e+00  8.72559940e+00
  8.98142616e+00  9.49408032e+00  1.24512613e+01  1.24881309e+01
  1.25391964e+01  1.29083412e+01  1.30646599e+01  1.31181535e+01
  1.43557877e+01  1.43848616e+01  1.45434834e+01  1.47689061e+01
  1.47797466e+01  1.56632548e+01  1.60686547e+01  2.46787322e+01
  2.53543969e+01  2.54449243e+01  3.82385592e+01]
ct  hf energy is  -38.90202409753456  correlation energy is  -0.006326484607974692
